2023-07-06 08:36:20 [ERROR] xe1 : Export failed to out/getInventory/show inventory_2023-07-06_08-36.csv
2023-07-06 08:36:20 I/O operation on closed file. 
2023-07-06 08:36:20 [ERROR] xe3 : Export failed to out/getInventory/show inventory_2023-07-06_08-36.csv
2023-07-06 08:36:20 I/O operation on closed file. 
2023-07-06 08:36:20 [ERROR] xe2 : Export failed to out/getInventory/show inventory_2023-07-06_08-36.csv
2023-07-06 08:36:20 I/O operation on closed file. 
2023-07-06 08:37:03 [ERROR] xe3 : Export failed to out/getInventory/show inventory_2023-07-06_08-36.csv
2023-07-06 08:37:03 I/O operation on closed file. 
2023-07-06 08:37:04 [ERROR] xe2 : Export failed to out/getInventory/show inventory_2023-07-06_08-36.csv
2023-07-06 08:37:04 I/O operation on closed file. 
2023-07-06 08:37:04 [ERROR] xe1 : Export failed to out/getInventory/show inventory_2023-07-06_08-36.csv
2023-07-06 08:37:04 I/O operation on closed file. 
2023-07-06 08:39:34 [ERROR] xe1 : Export failed to out/getInventory/show inventory_2023-07-06_08-39.csv
2023-07-06 08:39:34 I/O operation on closed file. 
2023-07-06 08:39:34 [ERROR] xe3 : Export failed to out/getInventory/show inventory_2023-07-06_08-39.csv
2023-07-06 08:39:34 I/O operation on closed file. 
2023-07-06 08:39:34 [ERROR] xe2 : Export failed to out/getInventory/show inventory_2023-07-06_08-39.csv
2023-07-06 08:39:34 I/O operation on closed file. 
2023-07-06 08:46:10 [ERROR] xe3 : Export failed to out/getInventory/show inventory_2023-07-06_08-46.csv
2023-07-06 08:46:10 I/O operation on closed file. 
2023-07-06 08:46:10 [ERROR] xe2 : Export failed to out/getInventory/show inventory_2023-07-06_08-46.csv
2023-07-06 08:46:10 I/O operation on closed file. 
2023-07-06 08:46:10 [ERROR] xe1 : Export failed to out/getInventory/show inventory_2023-07-06_08-46.csv
2023-07-06 08:46:10 I/O operation on closed file. 
2023-07-06 08:51:59 [ERROR] xe3 : Export failed to out/getInventory/show inventory_2023-07-06_08-51.csv
2023-07-06 08:51:59 I/O operation on closed file. 
2023-07-06 08:51:59 [ERROR] xe2 : Export failed to out/getInventory/show inventory_2023-07-06_08-51.csv
2023-07-06 08:51:59 I/O operation on closed file. 
2023-07-06 08:51:59 [ERROR] xe1 : Export failed to out/getInventory/show inventory_2023-07-06_08-51.csv
2023-07-06 08:51:59 I/O operation on closed file. 
2023-07-06 08:54:49 [ERROR] xe2 : Export failed to out/getInventory/show inventory_2023-07-06_08-54.csv
2023-07-06 08:54:49 I/O operation on closed file. 
2023-07-06 08:54:49 [ERROR] xe3 : Export failed to out/getInventory/show inventory_2023-07-06_08-54.csv
2023-07-06 08:54:49 I/O operation on closed file. 
2023-07-06 08:54:49 [ERROR] xe1 : Export failed to out/getInventory/show inventory_2023-07-06_08-54.csv
2023-07-06 08:54:49 I/O operation on closed file. 
2023-07-06 08:58:37 [ERROR] xe2 : Command [show_inventory] Failed, trying [show inventory]
2023-07-06 08:58:37 [ERROR] xe3 : Command [show_inventory] Failed, trying [show inventory]
2023-07-06 08:58:37 [ERROR] xe1 : Command [show_inventory] Failed, trying [show inventory]
2023-07-06 08:58:37 [ERROR] xe2 : [1] Parsing exception for template 'show_inventory 1'
2023-07-06 08:58:37 Unable to parse command "show_inventory 1" on platform iosxe - No template found for attributes: "{'Command': 'show_inventory 1', 'Platform': 'iosxe'}" 
2023-07-06 08:58:37 [ERROR] xe2 : [2] Parsing exception for template 'show_inventory 2'
2023-07-06 08:58:37 Unable to parse command "show_inventory 2" on platform iosxe - No template found for attributes: "{'Command': 'show_inventory 2', 'Platform': 'iosxe'}" 
2023-07-06 08:58:37 [ERROR] xe2 : Parsing failed after [2] tries.
2023-07-06 08:58:37 [ERROR] xe1 : [1] Parsing exception for template 'show_inventory 1'
2023-07-06 08:58:37 Unable to parse command "show_inventory 1" on platform iosxe - No template found for attributes: "{'Command': 'show_inventory 1', 'Platform': 'iosxe'}" 
2023-07-06 08:58:37 [ERROR] xe1 : [2] Parsing exception for template 'show_inventory 2'
2023-07-06 08:58:37 Unable to parse command "show_inventory 2" on platform iosxe - No template found for attributes: "{'Command': 'show_inventory 2', 'Platform': 'iosxe'}" 
2023-07-06 08:58:37 [ERROR] xe1 : Parsing failed after [2] tries.
2023-07-06 08:58:37 [ERROR] xe3 : [1] Parsing exception for template 'show_inventory 1'
2023-07-06 08:58:37 Unable to parse command "show_inventory 1" on platform iosxe - No template found for attributes: "{'Command': 'show_inventory 1', 'Platform': 'iosxe'}" 
2023-07-06 08:58:37 [ERROR] xe3 : [2] Parsing exception for template 'show_inventory 2'
2023-07-06 08:58:37 Unable to parse command "show_inventory 2" on platform iosxe - No template found for attributes: "{'Command': 'show_inventory 2', 'Platform': 'iosxe'}" 
2023-07-06 08:58:37 [ERROR] xe3 : Parsing failed after [2] tries.
2024-05-08 02:18:42 [ERROR] xe1 : Connect Failed (1)
2024-05-08 02:18:42 A paramiko SSHException occurred during connection creation: 
2024-05-08 02:18:42 Error reading SSH protocol banner 
2024-05-08 02:18:45 [ERROR] xe1 : Connect Failed (2)
2024-05-08 02:18:45 A paramiko SSHException occurred during connection creation: 
2024-05-08 02:18:45 Error reading SSH protocol banner 
2024-05-08 02:18:48 [ERROR] xe1 : Connect Failed (3)
2024-05-08 02:18:48 A paramiko SSHException occurred during connection creation: 
2024-05-08 02:18:48 Error reading SSH protocol banner 
2024-05-08 02:18:51 [ERROR] xe1 : Connect Failed (4)
2024-05-08 02:18:51 A paramiko SSHException occurred during connection creation: 
2024-05-08 02:18:51 Error reading SSH protocol banner 
2024-05-31 14:45:58 [ERROR] xe1 : Connect Failed (1)
2024-05-31 14:45:58 TCP connection to device failed. 
2024-05-31 14:45:58 Common causes of this problem are: 
2024-05-31 14:45:58 1. Incorrect hostname or IP address. 
2024-05-31 14:45:58 2. Wrong TCP port. 
2024-05-31 14:45:58 3. Intermediate firewall blocking access. 
2024-05-31 14:45:58 Device settings: cisco_ios 198.18.0.121:22 
2024-05-31 14:45:58 [ERROR] xe2 : Connect Failed (1)
2024-05-31 14:45:58 TCP connection to device failed. 
2024-05-31 14:45:58 Common causes of this problem are: 
2024-05-31 14:45:58 1. Incorrect hostname or IP address. 
2024-05-31 14:45:58 2. Wrong TCP port. 
2024-05-31 14:45:58 3. Intermediate firewall blocking access. 
2024-05-31 14:45:58 Device settings: cisco_ios 198.18.0.122:22 
2024-05-31 14:45:58 [ERROR] xe3 : Connect Failed (1)
2024-05-31 14:45:58 TCP connection to device failed. 
2024-05-31 14:45:58 Common causes of this problem are: 
2024-05-31 14:45:58 1. Incorrect hostname or IP address. 
2024-05-31 14:45:58 2. Wrong TCP port. 
2024-05-31 14:45:58 3. Intermediate firewall blocking access. 
2024-05-31 14:45:58 Device settings: cisco_ios 198.18.0.123:22 
2024-05-31 14:45:58 [ERROR] xr1 : Connect Failed (1)
2024-05-31 14:45:58 TCP connection to device failed. 
2024-05-31 14:45:58 Common causes of this problem are: 
2024-05-31 14:45:58 1. Incorrect hostname or IP address. 
2024-05-31 14:45:58 2. Wrong TCP port. 
2024-05-31 14:45:58 3. Intermediate firewall blocking access. 
2024-05-31 14:45:58 Device settings: cisco_ios 198.18.0.131:22 
2024-05-31 14:45:58 [ERROR] xr2 : Connect Failed (1)
2024-05-31 14:45:58 TCP connection to device failed. 
2024-05-31 14:45:58 Common causes of this problem are: 
2024-05-31 14:45:58 1. Incorrect hostname or IP address. 
2024-05-31 14:45:58 2. Wrong TCP port. 
2024-05-31 14:45:58 3. Intermediate firewall blocking access. 
2024-05-31 14:45:58 Device settings: cisco_ios 198.18.0.132:22 
2024-05-31 14:45:58 [ERROR] xr3 : Connect Failed (1)
2024-05-31 14:45:58 TCP connection to device failed. 
2024-05-31 14:45:58 Common causes of this problem are: 
2024-05-31 14:45:58 1. Incorrect hostname or IP address. 
2024-05-31 14:45:58 2. Wrong TCP port. 
2024-05-31 14:45:58 3. Intermediate firewall blocking access. 
2024-05-31 14:45:58 Device settings: cisco_ios 198.18.0.133:22 
2024-05-31 14:46:18 [ERROR] xe1 : Connect Failed (2)
2024-05-31 14:46:18 TCP connection to device failed. 
2024-05-31 14:46:18 Common causes of this problem are: 
2024-05-31 14:46:18 1. Incorrect hostname or IP address. 
2024-05-31 14:46:18 2. Wrong TCP port. 
2024-05-31 14:46:18 3. Intermediate firewall blocking access. 
2024-05-31 14:46:18 Device settings: cisco_ios 198.18.0.121:22 
2024-05-31 14:46:18 [ERROR] xe2 : Connect Failed (2)
2024-05-31 14:46:18 TCP connection to device failed. 
2024-05-31 14:46:18 Common causes of this problem are: 
2024-05-31 14:46:18 1. Incorrect hostname or IP address. 
2024-05-31 14:46:18 2. Wrong TCP port. 
2024-05-31 14:46:18 3. Intermediate firewall blocking access. 
2024-05-31 14:46:18 Device settings: cisco_ios 198.18.0.122:22 
2024-05-31 14:46:18 [ERROR] xe3 : Connect Failed (2)
2024-05-31 14:46:18 TCP connection to device failed. 
2024-05-31 14:46:18 Common causes of this problem are: 
2024-05-31 14:46:18 1. Incorrect hostname or IP address. 
2024-05-31 14:46:18 2. Wrong TCP port. 
2024-05-31 14:46:18 3. Intermediate firewall blocking access. 
2024-05-31 14:46:18 Device settings: cisco_ios 198.18.0.123:22 
2024-05-31 14:46:18 [ERROR] xr1 : Connect Failed (2)
2024-05-31 14:46:18 TCP connection to device failed. 
2024-05-31 14:46:18 Common causes of this problem are: 
2024-05-31 14:46:18 1. Incorrect hostname or IP address. 
2024-05-31 14:46:18 2. Wrong TCP port. 
2024-05-31 14:46:18 3. Intermediate firewall blocking access. 
2024-05-31 14:46:18 Device settings: cisco_ios 198.18.0.131:22 
2024-05-31 14:46:18 [ERROR] xr2 : Connect Failed (2)
2024-05-31 14:46:18 TCP connection to device failed. 
2024-05-31 14:46:18 Common causes of this problem are: 
2024-05-31 14:46:18 1. Incorrect hostname or IP address. 
2024-05-31 14:46:18 2. Wrong TCP port. 
2024-05-31 14:46:18 3. Intermediate firewall blocking access. 
2024-05-31 14:46:18 Device settings: cisco_ios 198.18.0.132:22 
2024-05-31 14:46:18 [ERROR] xr3 : Connect Failed (2)
2024-05-31 14:46:18 TCP connection to device failed. 
2024-05-31 14:46:18 Common causes of this problem are: 
2024-05-31 14:46:18 1. Incorrect hostname or IP address. 
2024-05-31 14:46:18 2. Wrong TCP port. 
2024-05-31 14:46:18 3. Intermediate firewall blocking access. 
2024-05-31 14:46:18 Device settings: cisco_ios 198.18.0.133:22 
2024-05-31 14:46:38 [ERROR] xe1 : Connect Failed (3)
2024-05-31 14:46:38 TCP connection to device failed. 
2024-05-31 14:46:38 Common causes of this problem are: 
2024-05-31 14:46:38 1. Incorrect hostname or IP address. 
2024-05-31 14:46:38 2. Wrong TCP port. 
2024-05-31 14:46:38 3. Intermediate firewall blocking access. 
2024-05-31 14:46:38 Device settings: cisco_ios 198.18.0.121:22 
2024-05-31 14:46:38 [ERROR] xe2 : Connect Failed (3)
2024-05-31 14:46:38 TCP connection to device failed. 
2024-05-31 14:46:38 Common causes of this problem are: 
2024-05-31 14:46:38 1. Incorrect hostname or IP address. 
2024-05-31 14:46:38 2. Wrong TCP port. 
2024-05-31 14:46:38 3. Intermediate firewall blocking access. 
2024-05-31 14:46:38 Device settings: cisco_ios 198.18.0.122:22 
2024-05-31 14:46:38 [ERROR] xe3 : Connect Failed (3)
2024-05-31 14:46:38 TCP connection to device failed. 
2024-05-31 14:46:38 Common causes of this problem are: 
2024-05-31 14:46:38 1. Incorrect hostname or IP address. 
2024-05-31 14:46:38 2. Wrong TCP port. 
2024-05-31 14:46:38 3. Intermediate firewall blocking access. 
2024-05-31 14:46:38 Device settings: cisco_ios 198.18.0.123:22 
2024-05-31 14:46:38 [ERROR] xr1 : Connect Failed (3)
2024-05-31 14:46:38 TCP connection to device failed. 
2024-05-31 14:46:38 Common causes of this problem are: 
2024-05-31 14:46:38 1. Incorrect hostname or IP address. 
2024-05-31 14:46:38 2. Wrong TCP port. 
2024-05-31 14:46:38 3. Intermediate firewall blocking access. 
2024-05-31 14:46:38 Device settings: cisco_ios 198.18.0.131:22 
2024-05-31 14:46:38 [ERROR] xr2 : Connect Failed (3)
2024-05-31 14:46:38 TCP connection to device failed. 
2024-05-31 14:46:38 Common causes of this problem are: 
2024-05-31 14:46:38 1. Incorrect hostname or IP address. 
2024-05-31 14:46:38 2. Wrong TCP port. 
2024-05-31 14:46:38 3. Intermediate firewall blocking access. 
2024-05-31 14:46:38 Device settings: cisco_ios 198.18.0.132:22 
2024-05-31 14:46:39 [ERROR] xr3 : Connect Failed (3)
2024-05-31 14:46:39 TCP connection to device failed. 
2024-05-31 14:46:39 Common causes of this problem are: 
2024-05-31 14:46:39 1. Incorrect hostname or IP address. 
2024-05-31 14:46:39 2. Wrong TCP port. 
2024-05-31 14:46:39 3. Intermediate firewall blocking access. 
2024-05-31 14:46:39 Device settings: cisco_ios 198.18.0.133:22 
